Archive member included to satisfy reference by file (symbol)

lib/orangescrt.a(printf.o)    kernel/main.o (printf)
lib/orangescrt.a(vsprintf.o)  kernel/main.o (vsprintf)
lib/orangescrt.a(string.o)    kernel/start.o (memcpy)
lib/orangescrt.a(misc.o)      kernel/main.o (send_recv)
lib/orangescrt.a(open.o)      kernel/main.o (open)
lib/orangescrt.a(read.o)      kernel/main.o (read)
lib/orangescrt.a(write.o)     kernel/main.o (write)
lib/orangescrt.a(close.o)     kernel/main.o (close)
lib/orangescrt.a(unlink.o)    kernel/main.o (unlink)
lib/orangescrt.a(lseek.o)     kernel/main.o (lseek)
lib/orangescrt.a(getpid.o)    kernel/main.o (getpid)
lib/orangescrt.a(stat.o)      mm/exec.o (stat)
lib/orangescrt.a(fork.o)      kernel/main.o (fork)
lib/orangescrt.a(wait.o)      kernel/main.o (wait)
lib/orangescrt.a(exec.o)      kernel/main.o (execv)
lib/orangescrt.a(syscall.o)   lib/orangescrt.a(misc.o) (sendrec)

Allocating common symbols
Common symbol       size              file

nextx               0x4               kernel/main.o
map                 0xc40             kernel/main.o
idt_ptr             0x6               kernel/global.o
Map                 0x80              kernel/main.o
x                   0x4               kernel/main.o
now                 0x4               kernel/main.o
ifappear            0x4               kernel/main.o
gameb               0x4               kernel/main.o
inode_table         0x1500            kernel/global.o
task_stack          0x24000           kernel/global.o
you                 0x4               kernel/main.o
gamef               0x4               kernel/main.o
k_reenter           0x4               kernel/global.o
gdt                 0x400             kernel/global.o
current_console     0x4               kernel/global.o
nexty               0x4               kernel/main.o
pcaller             0x4               kernel/global.o
turn                0x4               kernel/main.o
tty_table           0xc6c             kernel/global.o
gamew               0x4               kernel/main.o
tss                 0x68              kernel/global.o
move_2048           0x4               kernel/main.o
score               0x4               kernel/main.o
fs_msg              0x30              kernel/global.o
memory_size         0x4               kernel/global.o
f_desc_table        0x400             kernel/global.o
gameover            0x4               kernel/main.o
root_inode          0x4               kernel/global.o
disp_pos            0x4               kernel/global.o
mm_msg              0x30              kernel/global.o
schedule_flag       0x4               kernel/global.o
key_pressed         0x4               kernel/global.o
num                 0x40              kernel/main.o
y                   0x4               kernel/main.o
key                 0x1               kernel/main.o
gdt_ptr             0x6               kernel/global.o
idt                 0x800             kernel/global.o
super_block         0x1e0             kernel/global.o
PARTITION_ENTRY     0x10              kernel/hd.o
ticks               0x4               kernel/global.o
wint                0x4               kernel/main.o
console_table       0x3c              kernel/global.o
irq_table           0x40              kernel/global.o
p_proc_ready        0x4               kernel/global.o
proc_table          0x3b8c            kernel/global.o
Snake               0x600             kernel/main.o

Discarded input sections

 .note.GNU-stack
                0x0000000000000000        0x0 kernel/start.o
 .note.GNU-stack
                0x0000000000000000        0x0 kernel/main.o
 .note.GNU-stack
                0x0000000000000000        0x0 kernel/clock.o
 .note.GNU-stack
                0x0000000000000000        0x0 kernel/keyboard.o
 .note.GNU-stack
                0x0000000000000000        0x0 kernel/tty.o
 .note.GNU-stack
                0x0000000000000000        0x0 kernel/console.o
 .note.GNU-stack
                0x0000000000000000        0x0 kernel/i8259.o
 .note.GNU-stack
                0x0000000000000000        0x0 kernel/global.o
 .note.GNU-stack
                0x0000000000000000        0x0 kernel/protect.o
 .note.GNU-stack
                0x0000000000000000        0x0 kernel/proc.o
 .note.GNU-stack
                0x0000000000000000        0x0 kernel/systask.o
 .note.GNU-stack
                0x0000000000000000        0x0 kernel/hd.o
 .note.GNU-stack
                0x0000000000000000        0x0 kernel/klib.o
 .note.GNU-stack
                0x0000000000000000        0x0 lib/syslog.o
 .note.GNU-stack
                0x0000000000000000        0x0 mm/main.o
 .note.GNU-stack
                0x0000000000000000        0x0 mm/forkexit.o
 .note.GNU-stack
                0x0000000000000000        0x0 mm/exec.o
 .note.GNU-stack
                0x0000000000000000        0x0 fs/main.o
 .note.GNU-stack
                0x0000000000000000        0x0 fs/open.o
 .note.GNU-stack
                0x0000000000000000        0x0 fs/misc.o
 .note.GNU-stack
                0x0000000000000000        0x0 fs/read_write.o
 .note.GNU-stack
                0x0000000000000000        0x0 fs/link.o
 .note.GNU-stack
                0x0000000000000000        0x0 fs/disklog.o
 .note.GNU-stack
                0x0000000000000000        0x0 lib/orangescrt.a(printf.o)
 .note.GNU-stack
                0x0000000000000000        0x0 lib/orangescrt.a(vsprintf.o)
 .note.GNU-stack
                0x0000000000000000        0x0 lib/orangescrt.a(misc.o)
 .note.GNU-stack
                0x0000000000000000        0x0 lib/orangescrt.a(open.o)
 .note.GNU-stack
                0x0000000000000000        0x0 lib/orangescrt.a(read.o)
 .note.GNU-stack
                0x0000000000000000        0x0 lib/orangescrt.a(write.o)
 .note.GNU-stack
                0x0000000000000000        0x0 lib/orangescrt.a(close.o)
 .note.GNU-stack
                0x0000000000000000        0x0 lib/orangescrt.a(unlink.o)
 .note.GNU-stack
                0x0000000000000000        0x0 lib/orangescrt.a(lseek.o)
 .note.GNU-stack
                0x0000000000000000        0x0 lib/orangescrt.a(getpid.o)
 .note.GNU-stack
                0x0000000000000000        0x0 lib/orangescrt.a(stat.o)
 .note.GNU-stack
                0x0000000000000000        0x0 lib/orangescrt.a(fork.o)
 .note.GNU-stack
                0x0000000000000000        0x0 lib/orangescrt.a(wait.o)
 .note.GNU-stack
                0x0000000000000000        0x0 lib/orangescrt.a(exec.o)

Memory Configuration

Name             Origin             Length             Attributes
*default*        0x0000000000000000 0xffffffffffffffff

Linker script and memory map

Address of section .text set to 0x1000
LOAD kernel/kernel.o
LOAD kernel/start.o
LOAD kernel/main.o
LOAD kernel/clock.o
LOAD kernel/keyboard.o
LOAD kernel/tty.o
LOAD kernel/console.o
LOAD kernel/i8259.o
LOAD kernel/global.o
LOAD kernel/protect.o
LOAD kernel/proc.o
LOAD kernel/systask.o
LOAD kernel/hd.o
LOAD kernel/kliba.o
LOAD kernel/klib.o
LOAD lib/syslog.o
LOAD mm/main.o
LOAD mm/forkexit.o
LOAD mm/exec.o
LOAD fs/main.o
LOAD fs/open.o
LOAD fs/misc.o
LOAD fs/read_write.o
LOAD fs/link.o
LOAD fs/disklog.o
LOAD lib/orangescrt.a
                [!provide]                        PROVIDE (__executable_start, 0x8048000)
                0x0000000008048094                . = (0x8048000 + SIZEOF_HEADERS)

.interp
 *(.interp)

.note.gnu.build-id
 *(.note.gnu.build-id)

.hash
 *(.hash)

.gnu.hash
 *(.gnu.hash)

.dynsym
 *(.dynsym)

.dynstr
 *(.dynstr)

.gnu.version
 *(.gnu.version)

.gnu.version_d
 *(.gnu.version_d)

.gnu.version_r
 *(.gnu.version_r)

.rel.dyn        0x0000000008048094        0x0
 *(.rel.init)
 *(.rel.text .rel.text.* .rel.gnu.linkonce.t.*)
 .rel.text      0x0000000008048094        0x0 kernel/kernel.o
 *(.rel.fini)
 *(.rel.rodata .rel.rodata.* .rel.gnu.linkonce.r.*)
 *(.rel.data.rel.ro .rel.data.rel.ro.* .rel.gnu.linkonce.d.rel.ro.*)
 *(.rel.data .rel.data.* .rel.gnu.linkonce.d.*)
 .rel.data      0x0000000008048094        0x0 kernel/kernel.o
 *(.rel.tdata .rel.tdata.* .rel.gnu.linkonce.td.*)
 *(.rel.tbss .rel.tbss.* .rel.gnu.linkonce.tb.*)
 *(.rel.ctors)
 *(.rel.dtors)
 *(.rel.got)
 *(.rel.bss .rel.bss.* .rel.gnu.linkonce.b.*)
 *(.rel.ifunc)

.rel.plt        0x0000000008048094        0x0
 *(.rel.plt)
                [!provide]                        PROVIDE (__rel_iplt_start, .)
 *(.rel.iplt)
 .rel.iplt      0x0000000008048094        0x0 kernel/kernel.o
                [!provide]                        PROVIDE (__rel_iplt_end, .)

.init
 *(SORT(.init))

.plt            0x00000000080480a0        0x0
 *(.plt)
 *(.iplt)
 .iplt          0x00000000080480a0        0x0 kernel/kernel.o

.plt.got
 *(.plt.got)

.text           0x0000000000001000    0x16938
 *(.text.unlikely .text.*_unlikely .text.unlikely.*)
 *(.text.exit .text.exit.*)
 *(.text.startup .text.startup.*)
 *(.text.hot .text.hot.*)
 *(.text .stub .text.* .gnu.linkonce.t.*)
 .text          0x0000000000001000      0x410 kernel/kernel.o
                0x0000000000001000                _start
                0x0000000000001040                hwint00
                0x0000000000001070                hwint01
                0x00000000000010a0                hwint02
                0x00000000000010d0                hwint03
                0x0000000000001100                hwint04
                0x0000000000001130                hwint05
                0x0000000000001160                hwint06
                0x0000000000001190                hwint07
                0x00000000000011c0                hwint08
                0x00000000000011f0                hwint09
                0x0000000000001220                hwint10
                0x0000000000001250                hwint11
                0x0000000000001280                hwint12
                0x00000000000012b0                hwint13
                0x00000000000012e0                hwint14
                0x0000000000001310                hwint15
                0x0000000000001334                divide_error
                0x000000000000133a                single_step_exception
                0x0000000000001340                nmi
                0x0000000000001346                breakpoint_exception
                0x000000000000134c                overflow
                0x0000000000001352                bounds_check
                0x0000000000001358                inval_opcode
                0x000000000000135e                copr_not_available
                0x0000000000001364                double_fault
                0x0000000000001368                copr_seg_overrun
                0x000000000000136e                inval_tss
                0x0000000000001372                segment_not_present
                0x0000000000001376                stack_exception
                0x000000000000137a                general_protection
                0x000000000000137e                page_fault
                0x0000000000001382                copr_error
                0x00000000000013cb                sys_call
                0x00000000000013eb                restart
 .text          0x0000000000001410       0x95 kernel/start.o
                0x0000000000001410                cstart
 .text          0x00000000000014a5     0xb581 kernel/main.o
                0x00000000000014a5                kernel_main
                0x00000000000017cd                get_ticks
                0x0000000000001801                malloc_init
                0x000000000000181c                malloc_dispose
                0x0000000000001836                malloc
                0x00000000000018bd                realloc
                0x0000000000001967                free
                0x000000000000198f                mark
                0x00000000000019ab                release
                0x00000000000019c4                strdup
                0x0000000000001a06                my_atoi
                0x0000000000001a6c                my_atof
                0x0000000000001c72                sleep
                0x0000000000001c9d                diplaySnakeArea
                0x0000000000001ce4                Maze
                0x0000000000001e5f                gameOverShow
                0x0000000000001e98                gameSuccessShow
                0x0000000000001ed1                judgeInpt
                0x0000000000001f35                changeToLeft
                0x0000000000001f76                changeToDown
                0x0000000000001fb7                changeToRight
                0x0000000000001ff8                changeToUp
                0x0000000000002039                Achess
                0x0000000000002052                SnakeGame
                0x000000000000206a                gameInit
                0x000000000000215e                food_init
                0x00000000000021de                show
                0x00000000000023a0                move
                0x000000000000258b                checkBorder
                0x00000000000025c9                checkHead
                0x00000000000026ec                creat_stack_sign
                0x0000000000002711                push_sign
                0x0000000000002749                out_sign
                0x0000000000002796                creat_stack_op
                0x00000000000027bb                push
                0x00000000000027fa                out
                0x0000000000002847                creat_stack_num
                0x000000000000286c                push_num
                0x00000000000028a4                out_num
                0x00000000000028f1                num_display
                0x0000000000002958                num_change
                0x0000000000002a3b                change
                0x000000000000379a                untar
                0x0000000000003a29                shabby_shell
                0x0000000000003c31                Init
                0x0000000000003d87                clear
                0x0000000000003deb                help
                0x0000000000003ed4                ShowOsScreen
                0x0000000000003fb2                ProcessManage
                0x0000000000004175                ResumeProcess
                0x00000000000041bd                pauseProcess
                0x0000000000004205                UpPriority
                0x0000000000004285                DownPriority
                0x0000000000004303                FileSystem
                0x0000000000004bba                Compile
                0x000000000000534c                TestA
                0x0000000000005b25                TestB
                0x0000000000005c3a                TestC
                0x0000000000005c3f                panic
                0x0000000000005c88                redraw
                0x0000000000005d70                drawMap
                0x0000000000005fa4                swap
                0x0000000000006070                getch
                0x000000000000608d                _getch
                0x00000000000060d2                playchoice
                0x00000000000068ff                iswin
                0x0000000000006d54                rand
                0x0000000000006dd6                compare
                0x000000000000b829                AI
                0x000000000000b957                Run
                0x000000000000b9b5                wuziChess
                0x000000000000b9f9                explation
                0x000000000000bac0                gamefaile
                0x000000000000bc20                gamewin
                0x000000000000bd80                prin
                0x000000000000becb                appear
                0x000000000000c01b                close_2048
                0x000000000000c038                add
                0x000000000000c19d                Gameplay
                0x000000000000c869                menu
                0x000000000000c989                game2048
 .text          0x000000000000ca26      0x10d kernel/clock.o
                0x000000000000ca26                clock_handler
                0x000000000000caa1                milli_delay
                0x000000000000cadb                init_clock
 .text          0x000000000000cb33      0x6e8 kernel/keyboard.o
                0x000000000000cb33                keyboard_handler
                0x000000000000cb9d                init_keyboard
                0x000000000000cc4c                keyboard_read
 .text          0x000000000000d21b      0x9c1 kernel/tty.o
                0x000000000000d21b                task_tty
                0x000000000000d3cb                in_process
                0x000000000000d8dc                sys_printx
                0x000000000000da7b                dump_tty_buf
 .text          0x000000000000dbdc      0x7d7 kernel/console.o
                0x000000000000dbdc                init_screen
                0x000000000000dd50                out_char
                0x000000000000dff3                clear_screen
                0x000000000000e02d                is_current_console
                0x000000000000e120                select_console
                0x000000000000e160                scroll_screen
 .text          0x000000000000e3b3      0x130 kernel/i8259.o
                0x000000000000e3b3                init_8259A
                0x000000000000e488                spurious_irq
                0x000000000000e4bf                put_irq_handler
 .text          0x000000000000e4e3        0x0 kernel/global.o
 .text          0x000000000000e4e3      0x65f kernel/protect.o
                0x000000000000e4e3                init_prot
                0x000000000000e94b                seg2linear
                0x000000000000e99a                init_desc
                0x000000000000ea07                exception_handler
 .text          0x000000000000eb42     0x1640 kernel/proc.o
                0x000000000000eb42                schedule
                0x000000000000ebce                sys_sendrec
                0x000000000000ecee                ldt_seg_linear
                0x000000000000ed38                va2la
                0x000000000000ed99                reset_msg
                0x000000000000fbba                inform_int
                0x000000000000fd36                dump_proc
                0x0000000000010075                dump_msg
 .text          0x0000000000010182      0x2bc kernel/systask.o
                0x0000000000010182                task_sys
 .text          0x000000000001043e      0xd1e kernel/hd.o
                0x000000000001043e                task_hd
                0x0000000000011131                hd_handler
 *fill*         0x000000000001115c        0x4 
 .text          0x0000000000011160      0x19a kernel/kliba.o
                0x0000000000011160                disp_str
                0x000000000001119e                disp_color_str
                0x00000000000111dd                out_byte
                0x00000000000111e9                in_byte
                0x00000000000111f3                port_read
                0x0000000000011206                port_write
                0x0000000000011219                disable_irq
                0x000000000001124e                enable_irq
                0x000000000001126d                disable_int
                0x000000000001126f                enable_int
                0x0000000000011271                glitter
 .text          0x00000000000112fa      0x2af kernel/klib.o
                0x00000000000112fa                get_boot_params
                0x0000000000011380                get_kernel_map
                0x0000000000011490                itoa
                0x000000000001153b                disp_int
                0x0000000000011562                delay
 .text          0x00000000000115a9       0x6f lib/syslog.o
                0x00000000000115a9                syslog
 .text          0x0000000000011618      0x1bc mm/main.o
                0x0000000000011618                task_mm
                0x000000000001174f                alloc_mem
                0x00000000000117ca                free_mem
 .text          0x00000000000117d4      0x5c0 mm/forkexit.o
                0x00000000000117d4                do_fork
                0x0000000000011b15                do_exit
                0x0000000000011cde                do_wait
 .text          0x0000000000011d94      0x356 mm/exec.o
                0x0000000000011d94                do_exec
 .text          0x00000000000120ea     0x1116 fs/main.o
                0x00000000000120ea                task_fs
                0x0000000000012be5                rw_sector
                0x0000000000012e08                get_super_block
                0x0000000000012e4e                get_inode
                0x0000000000012fb1                put_inode
                0x0000000000012fef                sync_inode
 .text          0x0000000000013200      0xb8a fs/open.o
                0x0000000000013200                do_open
                0x0000000000013726                do_close
                0x00000000000137a1                do_lseek
 .text          0x0000000000013d8a      0x3b2 fs/misc.o
                0x0000000000013d8a                do_stat
                0x0000000000013f5b                search_file
                0x00000000000140b1                strip_path
 .text          0x000000000001413c      0x49a fs/read_write.o
                0x000000000001413c                do_rdwt
 .text          0x00000000000145d6      0x808 fs/link.o
                0x00000000000145d6                do_unlink
 .text          0x0000000000014dde     0x1fbb fs/disklog.o
                0x0000000000014dde                disklog
                0x000000000001534b                dump_fd_graph
 .text          0x0000000000016d99       0xad lib/orangescrt.a(printf.o)
                0x0000000000016d99                printf
                0x0000000000016e04                printl
 .text          0x0000000000016e46      0x305 lib/orangescrt.a(vsprintf.o)
                0x0000000000016ea4                vsprintf
                0x0000000000017125                sprintf
 *fill*         0x000000000001714b        0x5 
 .text          0x0000000000017150       0x78 lib/orangescrt.a(string.o)
                0x0000000000017150                memcpy
                0x0000000000017179                memset
                0x000000000001719a                strcpy
                0x00000000000171b2                strlen
 .text          0x00000000000171c8      0x256 lib/orangescrt.a(misc.o)
                0x00000000000171c8                send_recv
                0x0000000000017282                memcmp
                0x00000000000172f8                strcmp
                0x000000000001736b                strcat
                0x00000000000173ca                spin
                0x00000000000173e5                assertion_failure
 .text          0x000000000001741e       0x63 lib/orangescrt.a(open.o)
                0x000000000001741e                open
 .text          0x0000000000017481       0x37 lib/orangescrt.a(read.o)
                0x0000000000017481                read
 .text          0x00000000000174b8       0x37 lib/orangescrt.a(write.o)
                0x00000000000174b8                write
 .text          0x00000000000174ef       0x2b lib/orangescrt.a(close.o)
                0x00000000000174ef                close
 .text          0x000000000001751a       0x3c lib/orangescrt.a(unlink.o)
                0x000000000001751a                unlink
 .text          0x0000000000017556       0x37 lib/orangescrt.a(lseek.o)
                0x0000000000017556                lseek
 .text          0x000000000001758d       0x46 lib/orangescrt.a(getpid.o)
                0x000000000001758d                getpid
 .text          0x00000000000175d3       0x63 lib/orangescrt.a(stat.o)
                0x00000000000175d3                stat
 .text          0x0000000000017636       0x66 lib/orangescrt.a(fork.o)
                0x0000000000017636                fork
 .text          0x000000000001769c       0x3c lib/orangescrt.a(wait.o)
                0x000000000001769c                wait
 .text          0x00000000000176d8      0x237 lib/orangescrt.a(exec.o)
                0x00000000000176d8                exec
                0x0000000000017743                execl
                0x0000000000017768                execv
 *fill*         0x000000000001790f        0x1 
 .text          0x0000000000017910       0x28 lib/orangescrt.a(syscall.o)
                0x0000000000017910                sendrec
                0x000000000001792a                printx
 *(.gnu.warning)

.fini
 *(SORT(.fini))
                [!provide]                        PROVIDE (__etext, .)
                [!provide]                        PROVIDE (_etext, .)
                [!provide]                        PROVIDE (etext, .)

.rodata         0x0000000000017940     0x4133
 *(.rodata .rodata.* .gnu.linkonce.r.*)
 .rodata        0x0000000000017940       0x47 kernel/start.o
 *fill*         0x0000000000017987        0x1 
 .rodata        0x0000000000017988     0x1d28 kernel/main.o
                0x0000000000017b3c                mapH
                0x0000000000017b40                mapW
 .rodata        0x00000000000196b0       0x64 kernel/keyboard.o
 .rodata        0x0000000000019714      0x13c kernel/tty.o
 .rodata        0x0000000000019850       0x5b kernel/console.o
 .rodata        0x00000000000198ab       0x11 kernel/i8259.o
 .rodata        0x00000000000198bc       0x10 kernel/global.o
                0x00000000000198bc                FSBUF_SIZE
                0x00000000000198c0                MMBUF_SIZE
                0x00000000000198c4                LOGBUF_SIZE
                0x00000000000198c8                LOGDISKBUF_SIZE
 *fill*         0x00000000000198cc       0x14 
 .rodata        0x00000000000198e0      0x580 kernel/protect.o
 .rodata        0x0000000000019e60      0x5da kernel/proc.o
 .rodata        0x000000000001a43a       0x11 kernel/systask.o
 *fill*         0x000000000001a44b        0x1 
 .rodata        0x000000000001a44c      0x15c kernel/hd.o
 .rodata        0x000000000001a5a8       0x6a kernel/klib.o
 .rodata        0x000000000001a612       0x1e lib/syslog.o
 .rodata        0x000000000001a630       0xb1 mm/main.o
 *fill*         0x000000000001a6e1        0x3 
 .rodata        0x000000000001a6e4       0xe7 mm/forkexit.o
 *fill*         0x000000000001a7cb        0x1 
 .rodata        0x000000000001a7cc       0xa4 mm/exec.o
 .rodata        0x000000000001a870      0x2d6 fs/main.o
 *fill*         0x000000000001ab46        0x2 
 .rodata        0x000000000001ab48      0x1c8 fs/open.o
 .rodata        0x000000000001ad10       0x60 fs/misc.o
 .rodata        0x000000000001ad70      0x164 fs/read_write.o
 .rodata        0x000000000001aed4      0x1ad fs/link.o
 *fill*         0x000000000001b081        0x3 
 .rodata        0x000000000001b084      0x806 fs/disklog.o
 .rodata        0x000000000001b88a       0x14 lib/orangescrt.a(printf.o)
 *fill*         0x000000000001b89e        0x2 
 .rodata        0x000000000001b8a0       0xad lib/orangescrt.a(misc.o)
 .rodata        0x000000000001b94d       0x23 lib/orangescrt.a(open.o)
 .rodata        0x000000000001b970       0x25 lib/orangescrt.a(getpid.o)
 .rodata        0x000000000001b995       0x23 lib/orangescrt.a(stat.o)
 .rodata        0x000000000001b9b8       0x33 lib/orangescrt.a(fork.o)
 *fill*         0x000000000001b9eb        0x1 
 .rodata        0x000000000001b9ec       0x87 lib/orangescrt.a(exec.o)

.rodata1
 *(.rodata1)

.eh_frame_hdr
 *(.eh_frame_hdr)
 *(.eh_frame_entry .eh_frame_entry.*)

.eh_frame       0x000000000001ba74     0x1ba8
 *(.eh_frame)
 .eh_frame      0x000000000001ba74       0x38 kernel/start.o
 .eh_frame      0x000000000001baac      0xa20 kernel/main.o
                                        0xa38 (size before relaxing)
 .eh_frame      0x000000000001c4cc       0x60 kernel/clock.o
                                         0x78 (size before relaxing)
 .eh_frame      0x000000000001c52c       0xe0 kernel/keyboard.o
                                         0xf8 (size before relaxing)
 .eh_frame      0x000000000001c60c      0x13c kernel/tty.o
                                        0x154 (size before relaxing)
 .eh_frame      0x000000000001c748      0x144 kernel/console.o
                                        0x15c (size before relaxing)
 .eh_frame      0x000000000001c88c       0x60 kernel/i8259.o
                                         0x78 (size before relaxing)
 .eh_frame      0x000000000001c8ec       0xb0 kernel/protect.o
                                         0xc8 (size before relaxing)
 .eh_frame      0x000000000001c99c      0x1b8 kernel/proc.o
                                        0x1d0 (size before relaxing)
 .eh_frame      0x000000000001cb54       0x5c kernel/systask.o
                                         0x74 (size before relaxing)
 .eh_frame      0x000000000001cbb0      0x1c8 kernel/hd.o
                                        0x1e0 (size before relaxing)
 .eh_frame      0x000000000001cd78       0xa0 kernel/klib.o
                                         0xb8 (size before relaxing)
 .eh_frame      0x000000000001ce18       0x20 lib/syslog.o
                                         0x38 (size before relaxing)
 .eh_frame      0x000000000001ce38       0x7c mm/main.o
                                         0x94 (size before relaxing)
 .eh_frame      0x000000000001ceb4       0x90 mm/forkexit.o
                                         0xa8 (size before relaxing)
 .eh_frame      0x000000000001cf44       0x2c mm/exec.o
                                         0x44 (size before relaxing)
 .eh_frame      0x000000000001cf70      0x170 fs/main.o
                                        0x188 (size before relaxing)
 .eh_frame      0x000000000001d0e0      0x120 fs/open.o
                                        0x138 (size before relaxing)
 .eh_frame      0x000000000001d200       0x68 fs/misc.o
                                         0x80 (size before relaxing)
 .eh_frame      0x000000000001d268       0x2c fs/read_write.o
                                         0x44 (size before relaxing)
 .eh_frame      0x000000000001d294       0x2c fs/link.o
                                         0x44 (size before relaxing)
 .eh_frame      0x000000000001d2c0       0x60 fs/disklog.o
                                         0x78 (size before relaxing)
 .eh_frame      0x000000000001d320       0x40 lib/orangescrt.a(printf.o)
                                         0x58 (size before relaxing)
 .eh_frame      0x000000000001d360       0x60 lib/orangescrt.a(vsprintf.o)
                                         0x78 (size before relaxing)
 .eh_frame      0x000000000001d3c0       0xbc lib/orangescrt.a(misc.o)
                                         0xd4 (size before relaxing)
 .eh_frame      0x000000000001d47c       0x20 lib/orangescrt.a(open.o)
                                         0x38 (size before relaxing)
 .eh_frame      0x000000000001d49c       0x20 lib/orangescrt.a(read.o)
                                         0x38 (size before relaxing)
 .eh_frame      0x000000000001d4bc       0x20 lib/orangescrt.a(write.o)
                                         0x38 (size before relaxing)
 .eh_frame      0x000000000001d4dc       0x20 lib/orangescrt.a(close.o)
                                         0x38 (size before relaxing)
 .eh_frame      0x000000000001d4fc       0x20 lib/orangescrt.a(unlink.o)
                                         0x38 (size before relaxing)
 .eh_frame      0x000000000001d51c       0x20 lib/orangescrt.a(lseek.o)
                                         0x38 (size before relaxing)
 .eh_frame      0x000000000001d53c       0x20 lib/orangescrt.a(getpid.o)
                                         0x38 (size before relaxing)
 .eh_frame      0x000000000001d55c       0x20 lib/orangescrt.a(stat.o)
                                         0x38 (size before relaxing)
 .eh_frame      0x000000000001d57c       0x20 lib/orangescrt.a(fork.o)
                                         0x38 (size before relaxing)
 .eh_frame      0x000000000001d59c       0x20 lib/orangescrt.a(wait.o)
                                         0x38 (size before relaxing)
 .eh_frame      0x000000000001d5bc       0x60 lib/orangescrt.a(exec.o)
                                         0x78 (size before relaxing)
 *(.eh_frame.*)

.gcc_except_table
 *(.gcc_except_table .gcc_except_table.*)

.gnu_extab
 *(.gnu_extab*)

.exception_ranges
 *(.exception_ranges .exception_ranges*)
                0x000000000001e61c                . = DATA_SEGMENT_ALIGN (0x1000, 0x1000)

.eh_frame
 *(.eh_frame)
 *(.eh_frame.*)

.gnu_extab
 *(.gnu_extab)

.gcc_except_table
 *(.gcc_except_table .gcc_except_table.*)

.exception_ranges
 *(.exception_ranges .exception_ranges*)

.tdata
 *(.tdata .tdata.* .gnu.linkonce.td.*)

.tbss
 *(.tbss .tbss.* .gnu.linkonce.tb.*)
 *(.tcommon)

.preinit_array  0x000000000001e61c        0x0
                [!provide]                        PROVIDE (__preinit_array_start, .)
 *(.preinit_array)
                [!provide]                        PROVIDE (__preinit_array_end, .)

.init_array     0x000000000001e61c        0x0
                [!provide]                        PROVIDE (__init_array_start, .)
 *(SORT(.init_array.*) SORT(.ctors.*))
 *(.init_array EXCLUDE_FILE(*crtend?.o *crtend.o *crtbegin?.o *crtbegin.o) .ctors)
                [!provide]                        PROVIDE (__init_array_end, .)

.fini_array     0x000000000001e61c        0x0
                [!provide]                        PROVIDE (__fini_array_start, .)
 *(SORT(.fini_array.*) SORT(.dtors.*))
 *(.fini_array EXCLUDE_FILE(*crtend?.o *crtend.o *crtbegin?.o *crtbegin.o) .dtors)
                [!provide]                        PROVIDE (__fini_array_end, .)

.ctors
 *crtbegin.o(.ctors)
 *crtbegin?.o(.ctors)
 *(EXCLUDE_FILE(*crtend?.o *crtend.o) .ctors)
 *(SORT(.ctors.*))
 *(.ctors)

.dtors
 *crtbegin.o(.dtors)
 *crtbegin?.o(.dtors)
 *(EXCLUDE_FILE(*crtend?.o *crtend.o) .dtors)
 *(SORT(.dtors.*))
 *(.dtors)

.jcr
 *(.jcr)

.data.rel.ro
 *(.data.rel.ro.local* .gnu.linkonce.d.rel.ro.local.*)
 *(.data.rel.ro .data.rel.ro.* .gnu.linkonce.d.rel.ro.*)

.dynamic
 *(.dynamic)

.got
 *(.got)
 *(.igot)
                0x000000000001e61c                . = DATA_SEGMENT_RELRO_END (., (SIZEOF (.got.plt) >= 0xc)?0xc:0x0)

.got.plt        0x000000000001e61c        0x0
 *(.got.plt)
 *(.igot.plt)
 .igot.plt      0x000000000001e61c        0x0 kernel/kernel.o

.data           0x000000000001e620      0xab4
 *(.data .data.* .gnu.linkonce.d.*)
 .data          0x000000000001e620        0x2 kernel/kernel.o
 .data          0x000000000001e622        0x0 kernel/start.o
 *fill*         0x000000000001e622       0x1e 
 .data          0x000000000001e640      0x290 kernel/main.o
                0x000000000001e640                snake_Array
                0x000000000001e840                snake_head
                0x000000000001e848                snake_area_width
                0x000000000001e84c                snake_area_height
                0x000000000001e850                move_direction
                0x000000000001e854                chessMan
                0x000000000001e855                sHead
                0x000000000001e856                sBody
                0x000000000001e857                sFood
                0x000000000001e858                sNode
                0x000000000001e860                food
                0x000000000001e8a0                eat
                0x000000000001e8a4                win
                0x000000000001e8a8                sLength
                0x000000000001e8ac                dx
                0x000000000001e8bc                dy
                0x000000000001e8cc                zzz
 .data          0x000000000001e8d0        0x0 kernel/clock.o
 *fill*         0x000000000001e8d0       0x10 
 .data          0x000000000001e8e0      0x600 kernel/keyboard.o
                0x000000000001e8e0                keymap
 .data          0x000000000001eee0       0x22 kernel/tty.o
 .data          0x000000000001ef02        0x0 kernel/console.o
 .data          0x000000000001ef02        0x0 kernel/i8259.o
 *fill*         0x000000000001ef02       0x1e 
 .data          0x000000000001ef20      0x1b4 kernel/global.o
                0x000000000001ef20                task_table
                0x000000000001f000                user_proc_table
                0x000000000001f0a0                sys_call_table
                0x000000000001f0ac                dd_map
                0x000000000001f0c4                fsbuf
                0x000000000001f0c8                mmbuf
                0x000000000001f0cc                logbuf
                0x000000000001f0d0                logdiskbuf
 .data          0x000000000001f0d4        0x0 kernel/protect.o
 .data          0x000000000001f0d4        0x0 kernel/proc.o
 .data          0x000000000001f0d4        0x0 kernel/systask.o
 .data          0x000000000001f0d4        0x0 kernel/hd.o
 .data          0x000000000001f0d4        0x0 kernel/klib.o
 .data          0x000000000001f0d4        0x0 lib/syslog.o
 .data          0x000000000001f0d4        0x0 mm/main.o
 .data          0x000000000001f0d4        0x0 mm/forkexit.o
 .data          0x000000000001f0d4        0x0 mm/exec.o
 .data          0x000000000001f0d4        0x0 fs/main.o
 .data          0x000000000001f0d4        0x0 fs/open.o
 .data          0x000000000001f0d4        0x0 fs/misc.o
 .data          0x000000000001f0d4        0x0 fs/read_write.o
 .data          0x000000000001f0d4        0x0 fs/link.o
 .data          0x000000000001f0d4        0x0 fs/disklog.o
 .data          0x000000000001f0d4        0x0 lib/orangescrt.a(printf.o)
 .data          0x000000000001f0d4        0x0 lib/orangescrt.a(vsprintf.o)
 .data          0x000000000001f0d4        0x0 lib/orangescrt.a(misc.o)
 .data          0x000000000001f0d4        0x0 lib/orangescrt.a(open.o)
 .data          0x000000000001f0d4        0x0 lib/orangescrt.a(read.o)
 .data          0x000000000001f0d4        0x0 lib/orangescrt.a(write.o)
 .data          0x000000000001f0d4        0x0 lib/orangescrt.a(close.o)
 .data          0x000000000001f0d4        0x0 lib/orangescrt.a(unlink.o)
 .data          0x000000000001f0d4        0x0 lib/orangescrt.a(lseek.o)
 .data          0x000000000001f0d4        0x0 lib/orangescrt.a(getpid.o)
 .data          0x000000000001f0d4        0x0 lib/orangescrt.a(stat.o)
 .data          0x000000000001f0d4        0x0 lib/orangescrt.a(fork.o)
 .data          0x000000000001f0d4        0x0 lib/orangescrt.a(wait.o)
 .data          0x000000000001f0d4        0x0 lib/orangescrt.a(exec.o)

.data1
 *(.data1)
                0x000000000001f0d4                _edata = .
                [!provide]                        PROVIDE (edata, .)
                0x000000000001f0d4                . = .
                0x000000000001f0d4                __bss_start = .

.bss            0x000000000001f0e0    0x2dddc
 *(.dynbss)
 *(.bss .bss.* .gnu.linkonce.b.*)
 .bss           0x000000000001f0e0     0x1000 kernel/kernel.o
 .bss           0x00000000000200e0        0x0 kernel/start.o
 .bss           0x00000000000200e0       0x3c kernel/main.o
                0x00000000000200e0                snakeControl
                0x00000000000200e4                chessControl
                0x00000000000200e8                snake_state
                0x00000000000200ec                listenerStart
                0x00000000000200f0                foodNum
                0x00000000000200f4                overOrNot
                0x00000000000200f8                maxm
                0x00000000000200fc                maxy
                0x0000000000020100                maxmcoordx
                0x0000000000020104                maxmcoordy
                0x0000000000020108                maxycoordx
                0x000000000002010c                maxycoordy
 .bss           0x000000000002011c        0x0 kernel/clock.o
 *fill*         0x000000000002011c        0x4 
 .bss           0x0000000000020120       0x58 kernel/keyboard.o
 .bss           0x0000000000020178        0x0 kernel/tty.o
 .bss           0x0000000000020178        0x0 kernel/console.o
 .bss           0x0000000000020178        0x0 kernel/i8259.o
 .bss           0x0000000000020178        0x0 kernel/global.o
 .bss           0x0000000000020178        0x0 kernel/protect.o
 .bss           0x0000000000020178        0x0 kernel/proc.o
 .bss           0x0000000000020178        0x0 kernel/systask.o
 *fill*         0x0000000000020178        0x8 
 .bss           0x0000000000020180      0x64c kernel/hd.o
 .bss           0x00000000000207cc        0x0 kernel/klib.o
 .bss           0x00000000000207cc        0x0 lib/syslog.o
 .bss           0x00000000000207cc        0x0 mm/main.o
 .bss           0x00000000000207cc        0x0 mm/forkexit.o
 .bss           0x00000000000207cc        0x0 mm/exec.o
 .bss           0x00000000000207cc        0x0 fs/main.o
 .bss           0x00000000000207cc        0x0 fs/open.o
 .bss           0x00000000000207cc        0x0 fs/misc.o
 .bss           0x00000000000207cc        0x0 fs/read_write.o
 .bss           0x00000000000207cc        0x0 fs/link.o
 *fill*         0x00000000000207cc       0x14 
 .bss           0x00000000000207e0      0x208 fs/disklog.o
 .bss           0x00000000000209e8        0x0 lib/orangescrt.a(printf.o)
 .bss           0x00000000000209e8        0x0 lib/orangescrt.a(vsprintf.o)
 .bss           0x00000000000209e8        0x0 lib/orangescrt.a(misc.o)
 .bss           0x00000000000209e8        0x0 lib/orangescrt.a(open.o)
 .bss           0x00000000000209e8        0x0 lib/orangescrt.a(read.o)
 .bss           0x00000000000209e8        0x0 lib/orangescrt.a(write.o)
 .bss           0x00000000000209e8        0x0 lib/orangescrt.a(close.o)
 .bss           0x00000000000209e8        0x0 lib/orangescrt.a(unlink.o)
 .bss           0x00000000000209e8        0x0 lib/orangescrt.a(lseek.o)
 .bss           0x00000000000209e8        0x0 lib/orangescrt.a(getpid.o)
 .bss           0x00000000000209e8        0x0 lib/orangescrt.a(stat.o)
 .bss           0x00000000000209e8        0x0 lib/orangescrt.a(fork.o)
 .bss           0x00000000000209e8        0x0 lib/orangescrt.a(wait.o)
 .bss           0x00000000000209e8        0x0 lib/orangescrt.a(exec.o)
 *(COMMON)
 *fill*         0x00000000000209e8       0x18 
 COMMON         0x0000000000020a00     0x1380 kernel/main.o
                0x0000000000020a00                nextx
                0x0000000000020a20                map
                0x0000000000021660                Map
                0x00000000000216e0                x
                0x00000000000216e4                now
                0x00000000000216e8                ifappear
                0x00000000000216ec                gameb
                0x00000000000216f0                you
                0x00000000000216f4                gamef
                0x00000000000216f8                nexty
                0x00000000000216fc                turn
                0x0000000000021700                gamew
                0x0000000000021704                move_2048
                0x0000000000021708                score
                0x000000000002170c                gameover
                0x0000000000021720                num
                0x0000000000021760                y
                0x0000000000021764                key
                0x0000000000021768                wint
                0x0000000000021780                Snake
 COMMON         0x0000000000021d80    0x2b12c kernel/global.o
                0x0000000000021d80                idt_ptr
                0x0000000000021da0                inode_table
                0x00000000000232a0                task_stack
                0x00000000000472a0                k_reenter
                0x00000000000472c0                gdt
                0x00000000000476c0                current_console
                0x00000000000476c4                pcaller
                0x00000000000476e0                tty_table
                0x0000000000048360                tss
                0x00000000000483e0                fs_msg
                0x0000000000048410                memory_size
                0x0000000000048420                f_desc_table
                0x0000000000048820                root_inode
                0x0000000000048824                disp_pos
                0x0000000000048840                mm_msg
                0x0000000000048870                schedule_flag
                0x0000000000048874                key_pressed
                0x0000000000048878                gdt_ptr
                0x0000000000048880                idt
                0x0000000000049080                super_block
                0x0000000000049260                ticks
                0x0000000000049280                console_table
                0x00000000000492c0                irq_table
                0x0000000000049300                p_proc_ready
                0x0000000000049320                proc_table
 COMMON         0x000000000004ceac       0x10 kernel/hd.o
                0x000000000004ceac                PARTITION_ENTRY
                0x000000000004cebc                . = ALIGN ((. != 0x0)?0x4:0x1)
                0x000000000004cebc                . = ALIGN (0x4)
                0x000000000004cebc                . = SEGMENT_START ("ldata-segment", .)
                0x000000000004cebc                . = ALIGN (0x4)
                0x000000000004cebc                _end = .
                [!provide]                        PROVIDE (end, .)
                0x000000000004cebc                . = DATA_SEGMENT_END (.)

.stab
 *(.stab)

.stabstr
 *(.stabstr)

.stab.excl
 *(.stab.excl)

.stab.exclstr
 *(.stab.exclstr)

.stab.index
 *(.stab.index)

.stab.indexstr
 *(.stab.indexstr)

.comment        0x0000000000000000       0x35
 *(.comment)
 .comment       0x0000000000000000       0x35 kernel/start.o
                                         0x36 (size before relaxing)
 .comment       0x0000000000000035       0x36 kernel/main.o
 .comment       0x0000000000000035       0x36 kernel/clock.o
 .comment       0x0000000000000035       0x36 kernel/keyboard.o
 .comment       0x0000000000000035       0x36 kernel/tty.o
 .comment       0x0000000000000035       0x36 kernel/console.o
 .comment       0x0000000000000035       0x36 kernel/i8259.o
 .comment       0x0000000000000035       0x36 kernel/global.o
 .comment       0x0000000000000035       0x36 kernel/protect.o
 .comment       0x0000000000000035       0x36 kernel/proc.o
 .comment       0x0000000000000035       0x36 kernel/systask.o
 .comment       0x0000000000000035       0x36 kernel/hd.o
 .comment       0x0000000000000035       0x36 kernel/klib.o
 .comment       0x0000000000000035       0x36 lib/syslog.o
 .comment       0x0000000000000035       0x36 mm/main.o
 .comment       0x0000000000000035       0x36 mm/forkexit.o
 .comment       0x0000000000000035       0x36 mm/exec.o
 .comment       0x0000000000000035       0x36 fs/main.o
 .comment       0x0000000000000035       0x36 fs/open.o
 .comment       0x0000000000000035       0x36 fs/misc.o
 .comment       0x0000000000000035       0x36 fs/read_write.o
 .comment       0x0000000000000035       0x36 fs/link.o
 .comment       0x0000000000000035       0x36 fs/disklog.o
 .comment       0x0000000000000035       0x36 lib/orangescrt.a(printf.o)
 .comment       0x0000000000000035       0x36 lib/orangescrt.a(vsprintf.o)
 .comment       0x0000000000000035       0x36 lib/orangescrt.a(misc.o)
 .comment       0x0000000000000035       0x36 lib/orangescrt.a(open.o)
 .comment       0x0000000000000035       0x36 lib/orangescrt.a(read.o)
 .comment       0x0000000000000035       0x36 lib/orangescrt.a(write.o)
 .comment       0x0000000000000035       0x36 lib/orangescrt.a(close.o)
 .comment       0x0000000000000035       0x36 lib/orangescrt.a(unlink.o)
 .comment       0x0000000000000035       0x36 lib/orangescrt.a(lseek.o)
 .comment       0x0000000000000035       0x36 lib/orangescrt.a(getpid.o)
 .comment       0x0000000000000035       0x36 lib/orangescrt.a(stat.o)
 .comment       0x0000000000000035       0x36 lib/orangescrt.a(fork.o)
 .comment       0x0000000000000035       0x36 lib/orangescrt.a(wait.o)
 .comment       0x0000000000000035       0x36 lib/orangescrt.a(exec.o)

.debug
 *(.debug)

.line
 *(.line)

.debug_srcinfo
 *(.debug_srcinfo)

.debug_sfnames
 *(.debug_sfnames)

.debug_aranges
 *(.debug_aranges)

.debug_pubnames
 *(.debug_pubnames)

.debug_info
 *(.debug_info .gnu.linkonce.wi.*)

.debug_abbrev
 *(.debug_abbrev)

.debug_line
 *(.debug_line .debug_line.* .debug_line_end)

.debug_frame
 *(.debug_frame)

.debug_str
 *(.debug_str)

.debug_loc
 *(.debug_loc)

.debug_macinfo
 *(.debug_macinfo)

.debug_weaknames
 *(.debug_weaknames)

.debug_funcnames
 *(.debug_funcnames)

.debug_typenames
 *(.debug_typenames)

.debug_varnames
 *(.debug_varnames)

.debug_pubtypes
 *(.debug_pubtypes)

.debug_ranges
 *(.debug_ranges)

.debug_macro
 *(.debug_macro)

.gnu.attributes
 *(.gnu.attributes)

/DISCARD/
 *(.note.GNU-stack)
 *(.gnu_debuglink)
 *(.gnu.lto_*)
OUTPUT(kernel.bin elf32-i386)
