Archive member included to satisfy reference by file (symbol)

lib/orangescrt.a(printf.o)    kernel/main.o (printf)
lib/orangescrt.a(vsprintf.o)  kernel/main.o (vsprintf)
lib/orangescrt.a(string.o)    kernel/start.o (memcpy)
lib/orangescrt.a(misc.o)      kernel/main.o (send_recv)
lib/orangescrt.a(open.o)      kernel/main.o (open)
lib/orangescrt.a(read.o)      kernel/main.o (read)
lib/orangescrt.a(write.o)     kernel/main.o (write)
lib/orangescrt.a(close.o)     kernel/main.o (close)
lib/orangescrt.a(unlink.o)    kernel/main.o (unlink)
lib/orangescrt.a(lseek.o)     kernel/main.o (lseek)
lib/orangescrt.a(getpid.o)    kernel/main.o (getpid)
lib/orangescrt.a(stat.o)      mm/exec.o (stat)
lib/orangescrt.a(fork.o)      kernel/main.o (fork)
lib/orangescrt.a(wait.o)      kernel/main.o (wait)
lib/orangescrt.a(exec.o)      kernel/main.o (execv)
lib/orangescrt.a(syscall.o)   lib/orangescrt.a(misc.o) (sendrec)

Allocating common symbols
Common symbol       size              file

idt_ptr             0x6               kernel/global.o
Map                 0x80              kernel/main.o
ifappear            0x4               kernel/main.o
gameb               0x4               kernel/main.o
inode_table         0x1500            kernel/global.o
task_stack          0x24000           kernel/global.o
gamef               0x4               kernel/main.o
k_reenter           0x4               kernel/global.o
gdt                 0x400             kernel/global.o
current_console     0x4               kernel/global.o
pcaller             0x4               kernel/global.o
tty_table           0xc6c             kernel/global.o
gamew               0x4               kernel/main.o
tss                 0x68              kernel/global.o
move_2048           0x4               kernel/main.o
score               0x4               kernel/main.o
fs_msg              0x30              kernel/global.o
memory_size         0x4               kernel/global.o
f_desc_table        0x400             kernel/global.o
gameover            0x4               kernel/main.o
root_inode          0x4               kernel/global.o
disp_pos            0x4               kernel/global.o
mm_msg              0x30              kernel/global.o
schedule_flag       0x4               kernel/global.o
key_pressed         0x4               kernel/global.o
num                 0x40              kernel/main.o
key                 0x1               kernel/main.o
gdt_ptr             0x6               kernel/global.o
idt                 0x800             kernel/global.o
super_block         0x1e0             kernel/global.o
PARTITION_ENTRY     0x10              kernel/hd.o
ticks               0x4               kernel/global.o
console_table       0x3c              kernel/global.o
irq_table           0x40              kernel/global.o
p_proc_ready        0x4               kernel/global.o
proc_table          0x3b8c            kernel/global.o
Snake               0x600             kernel/main.o

Discarded input sections

 .note.GNU-stack
                0x0000000000000000        0x0 kernel/start.o
 .note.GNU-stack
                0x0000000000000000        0x0 kernel/main.o
 .note.GNU-stack
                0x0000000000000000        0x0 kernel/clock.o
 .note.GNU-stack
                0x0000000000000000        0x0 kernel/keyboard.o
 .note.GNU-stack
                0x0000000000000000        0x0 kernel/tty.o
 .note.GNU-stack
                0x0000000000000000        0x0 kernel/console.o
 .note.GNU-stack
                0x0000000000000000        0x0 kernel/i8259.o
 .note.GNU-stack
                0x0000000000000000        0x0 kernel/global.o
 .note.GNU-stack
                0x0000000000000000        0x0 kernel/protect.o
 .note.GNU-stack
                0x0000000000000000        0x0 kernel/proc.o
 .note.GNU-stack
                0x0000000000000000        0x0 kernel/systask.o
 .note.GNU-stack
                0x0000000000000000        0x0 kernel/hd.o
 .note.GNU-stack
                0x0000000000000000        0x0 kernel/klib.o
 .note.GNU-stack
                0x0000000000000000        0x0 lib/syslog.o
 .note.GNU-stack
                0x0000000000000000        0x0 mm/main.o
 .note.GNU-stack
                0x0000000000000000        0x0 mm/forkexit.o
 .note.GNU-stack
                0x0000000000000000        0x0 mm/exec.o
 .note.GNU-stack
                0x0000000000000000        0x0 fs/main.o
 .note.GNU-stack
                0x0000000000000000        0x0 fs/open.o
 .note.GNU-stack
                0x0000000000000000        0x0 fs/misc.o
 .note.GNU-stack
                0x0000000000000000        0x0 fs/read_write.o
 .note.GNU-stack
                0x0000000000000000        0x0 fs/link.o
 .note.GNU-stack
                0x0000000000000000        0x0 fs/disklog.o
 .note.GNU-stack
                0x0000000000000000        0x0 lib/orangescrt.a(printf.o)
 .note.GNU-stack
                0x0000000000000000        0x0 lib/orangescrt.a(vsprintf.o)
 .note.GNU-stack
                0x0000000000000000        0x0 lib/orangescrt.a(misc.o)
 .note.GNU-stack
                0x0000000000000000        0x0 lib/orangescrt.a(open.o)
 .note.GNU-stack
                0x0000000000000000        0x0 lib/orangescrt.a(read.o)
 .note.GNU-stack
                0x0000000000000000        0x0 lib/orangescrt.a(write.o)
 .note.GNU-stack
                0x0000000000000000        0x0 lib/orangescrt.a(close.o)
 .note.GNU-stack
                0x0000000000000000        0x0 lib/orangescrt.a(unlink.o)
 .note.GNU-stack
                0x0000000000000000        0x0 lib/orangescrt.a(lseek.o)
 .note.GNU-stack
                0x0000000000000000        0x0 lib/orangescrt.a(getpid.o)
 .note.GNU-stack
                0x0000000000000000        0x0 lib/orangescrt.a(stat.o)
 .note.GNU-stack
                0x0000000000000000        0x0 lib/orangescrt.a(fork.o)
 .note.GNU-stack
                0x0000000000000000        0x0 lib/orangescrt.a(wait.o)
 .note.GNU-stack
                0x0000000000000000        0x0 lib/orangescrt.a(exec.o)

Memory Configuration

Name             Origin             Length             Attributes
*default*        0x0000000000000000 0xffffffffffffffff

Linker script and memory map

Address of section .text set to 0x1000
LOAD kernel/kernel.o
LOAD kernel/start.o
LOAD kernel/main.o
LOAD kernel/clock.o
LOAD kernel/keyboard.o
LOAD kernel/tty.o
LOAD kernel/console.o
LOAD kernel/i8259.o
LOAD kernel/global.o
LOAD kernel/protect.o
LOAD kernel/proc.o
LOAD kernel/systask.o
LOAD kernel/hd.o
LOAD kernel/kliba.o
LOAD kernel/klib.o
LOAD lib/syslog.o
LOAD mm/main.o
LOAD mm/forkexit.o
LOAD mm/exec.o
LOAD fs/main.o
LOAD fs/open.o
LOAD fs/misc.o
LOAD fs/read_write.o
LOAD fs/link.o
LOAD fs/disklog.o
LOAD lib/orangescrt.a
                [!provide]                        PROVIDE (__executable_start, 0x8048000)
                0x0000000008048094                . = (0x8048000 + SIZEOF_HEADERS)

.interp
 *(.interp)

.note.gnu.build-id
 *(.note.gnu.build-id)

.hash
 *(.hash)

.gnu.hash
 *(.gnu.hash)

.dynsym
 *(.dynsym)

.dynstr
 *(.dynstr)

.gnu.version
 *(.gnu.version)

.gnu.version_d
 *(.gnu.version_d)

.gnu.version_r
 *(.gnu.version_r)

.rel.dyn        0x0000000008048094        0x0
 *(.rel.init)
 *(.rel.text .rel.text.* .rel.gnu.linkonce.t.*)
 .rel.text      0x0000000008048094        0x0 kernel/kernel.o
 *(.rel.fini)
 *(.rel.rodata .rel.rodata.* .rel.gnu.linkonce.r.*)
 *(.rel.data.rel.ro .rel.data.rel.ro.* .rel.gnu.linkonce.d.rel.ro.*)
 *(.rel.data .rel.data.* .rel.gnu.linkonce.d.*)
 .rel.data      0x0000000008048094        0x0 kernel/kernel.o
 *(.rel.tdata .rel.tdata.* .rel.gnu.linkonce.td.*)
 *(.rel.tbss .rel.tbss.* .rel.gnu.linkonce.tb.*)
 *(.rel.ctors)
 *(.rel.dtors)
 *(.rel.got)
 *(.rel.bss .rel.bss.* .rel.gnu.linkonce.b.*)
 *(.rel.ifunc)

.rel.plt        0x0000000008048094        0x0
 *(.rel.plt)
                [!provide]                        PROVIDE (__rel_iplt_start, .)
 *(.rel.iplt)
 .rel.iplt      0x0000000008048094        0x0 kernel/kernel.o
                [!provide]                        PROVIDE (__rel_iplt_end, .)

.init
 *(SORT(.init))

.plt            0x00000000080480a0        0x0
 *(.plt)
 *(.iplt)
 .iplt          0x00000000080480a0        0x0 kernel/kernel.o

.plt.got
 *(.plt.got)

.text           0x0000000000001000    0x100c8
 *(.text.unlikely .text.*_unlikely .text.unlikely.*)
 *(.text.exit .text.exit.*)
 *(.text.startup .text.startup.*)
 *(.text.hot .text.hot.*)
 *(.text .stub .text.* .gnu.linkonce.t.*)
 .text          0x0000000000001000      0x410 kernel/kernel.o
                0x0000000000001000                _start
                0x0000000000001040                hwint00
                0x0000000000001070                hwint01
                0x00000000000010a0                hwint02
                0x00000000000010d0                hwint03
                0x0000000000001100                hwint04
                0x0000000000001130                hwint05
                0x0000000000001160                hwint06
                0x0000000000001190                hwint07
                0x00000000000011c0                hwint08
                0x00000000000011f0                hwint09
                0x0000000000001220                hwint10
                0x0000000000001250                hwint11
                0x0000000000001280                hwint12
                0x00000000000012b0                hwint13
                0x00000000000012e0                hwint14
                0x0000000000001310                hwint15
                0x0000000000001334                divide_error
                0x000000000000133a                single_step_exception
                0x0000000000001340                nmi
                0x0000000000001346                breakpoint_exception
                0x000000000000134c                overflow
                0x0000000000001352                bounds_check
                0x0000000000001358                inval_opcode
                0x000000000000135e                copr_not_available
                0x0000000000001364                double_fault
                0x0000000000001368                copr_seg_overrun
                0x000000000000136e                inval_tss
                0x0000000000001372                segment_not_present
                0x0000000000001376                stack_exception
                0x000000000000137a                general_protection
                0x000000000000137e                page_fault
                0x0000000000001382                copr_error
                0x00000000000013cb                sys_call
                0x00000000000013eb                restart
 .text          0x0000000000001410       0x95 kernel/start.o
                0x0000000000001410                cstart
 .text          0x00000000000014a5     0x4d08 kernel/main.o
                0x00000000000014a5                kernel_main
                0x00000000000017cd                get_ticks
                0x0000000000001801                malloc_init
                0x000000000000181c                malloc_dispose
                0x0000000000001836                malloc
                0x00000000000018bd                realloc
                0x0000000000001967                free
                0x000000000000198f                mark
                0x00000000000019ab                release
                0x00000000000019c4                strdup
                0x0000000000001a06                my_atoi
                0x0000000000001a6c                my_atof
                0x0000000000001c72                sleep
                0x0000000000001c9d                diplaySnakeArea
                0x0000000000001ce4                Maze
                0x0000000000001e5f                gameOverShow
                0x0000000000001e98                gameSuccessShow
                0x0000000000001ed1                judgeInpt
                0x0000000000001f35                changeToLeft
                0x0000000000001f76                changeToDown
                0x0000000000001fb7                changeToRight
                0x0000000000001ff8                changeToUp
                0x0000000000002039                Achess
                0x0000000000002052                SnakeGame
                0x000000000000206a                gameInit
                0x000000000000215e                food_init
                0x00000000000021de                show
                0x00000000000023a0                move
                0x000000000000258b                checkBorder
                0x00000000000025c9                checkHead
                0x00000000000026ec                rand
                0x000000000000297b                untar
                0x0000000000002c0a                shabby_shell
                0x0000000000002e12                Init
                0x0000000000002f68                clear
                0x0000000000002fcc                help
                0x00000000000030a5                ShowOsScreen
                0x0000000000003183                printProcess
                0x0000000000003359                ProcessManage
                0x000000000000350a                ResumeProcess
                0x000000000000352c                pauseProcess
                0x000000000000354e                UpPriority
                0x00000000000035c9                DownPriority
                0x0000000000003642                FileSystem
                0x0000000000003ef9                TestA
                0x00000000000046c2                TestB
                0x00000000000047d7                TestC
                0x00000000000047dc                panic
                0x0000000000004825                getch
                0x0000000000004842                explation
                0x0000000000004909                gamefaile
                0x0000000000004a69                gamewin
                0x0000000000004bc9                prin
                0x0000000000004d14                appear
                0x0000000000004e64                add
                0x0000000000004fc9                Gameplay
                0x0000000000005695                menu
                0x00000000000057b5                game2048
                0x0000000000005852                Sokoban
                0x0000000000005894                draw_box_map
                0x00000000000059e6                box_move
                0x0000000000006127                check
 .text          0x00000000000061ad      0x10d kernel/clock.o
                0x00000000000061ad                clock_handler
                0x0000000000006228                milli_delay
                0x0000000000006262                init_clock
 .text          0x00000000000062ba      0x6e8 kernel/keyboard.o
                0x00000000000062ba                keyboard_handler
                0x0000000000006324                init_keyboard
                0x00000000000063d3                keyboard_read
 .text          0x00000000000069a2      0x9c1 kernel/tty.o
                0x00000000000069a2                task_tty
                0x0000000000006b52                in_process
                0x0000000000007063                sys_printx
                0x0000000000007202                dump_tty_buf
 .text          0x0000000000007363      0x7d7 kernel/console.o
                0x0000000000007363                init_screen
                0x00000000000074d7                out_char
                0x000000000000777a                clear_screen
                0x00000000000077b4                is_current_console
                0x00000000000078a7                select_console
                0x00000000000078e7                scroll_screen
 .text          0x0000000000007b3a      0x130 kernel/i8259.o
                0x0000000000007b3a                init_8259A
                0x0000000000007c0f                spurious_irq
                0x0000000000007c46                put_irq_handler
 .text          0x0000000000007c6a        0x0 kernel/global.o
 .text          0x0000000000007c6a      0x65f kernel/protect.o
                0x0000000000007c6a                init_prot
                0x00000000000080d2                seg2linear
                0x0000000000008121                init_desc
                0x000000000000818e                exception_handler
 .text          0x00000000000082c9     0x1640 kernel/proc.o
                0x00000000000082c9                schedule
                0x0000000000008355                sys_sendrec
                0x0000000000008475                ldt_seg_linear
                0x00000000000084bf                va2la
                0x0000000000008520                reset_msg
                0x0000000000009341                inform_int
                0x00000000000094bd                dump_proc
                0x00000000000097fc                dump_msg
 .text          0x0000000000009909      0x2bc kernel/systask.o
                0x0000000000009909                task_sys
 .text          0x0000000000009bc5      0xd1e kernel/hd.o
                0x0000000000009bc5                task_hd
                0x000000000000a8b8                hd_handler
 *fill*         0x000000000000a8e3        0xd 
 .text          0x000000000000a8f0      0x19a kernel/kliba.o
                0x000000000000a8f0                disp_str
                0x000000000000a92e                disp_color_str
                0x000000000000a96d                out_byte
                0x000000000000a979                in_byte
                0x000000000000a983                port_read
                0x000000000000a996                port_write
                0x000000000000a9a9                disable_irq
                0x000000000000a9de                enable_irq
                0x000000000000a9fd                disable_int
                0x000000000000a9ff                enable_int
                0x000000000000aa01                glitter
 .text          0x000000000000aa8a      0x2af kernel/klib.o
                0x000000000000aa8a                get_boot_params
                0x000000000000ab10                get_kernel_map
                0x000000000000ac20                itoa
                0x000000000000accb                disp_int
                0x000000000000acf2                delay
 .text          0x000000000000ad39       0x6f lib/syslog.o
                0x000000000000ad39                syslog
 .text          0x000000000000ada8      0x1bc mm/main.o
                0x000000000000ada8                task_mm
                0x000000000000aedf                alloc_mem
                0x000000000000af5a                free_mem
 .text          0x000000000000af64      0x5c0 mm/forkexit.o
                0x000000000000af64                do_fork
                0x000000000000b2a5                do_exit
                0x000000000000b46e                do_wait
 .text          0x000000000000b524      0x356 mm/exec.o
                0x000000000000b524                do_exec
 .text          0x000000000000b87a     0x1116 fs/main.o
                0x000000000000b87a                task_fs
                0x000000000000c375                rw_sector
                0x000000000000c598                get_super_block
                0x000000000000c5de                get_inode
                0x000000000000c741                put_inode
                0x000000000000c77f                sync_inode
 .text          0x000000000000c990      0xb8a fs/open.o
                0x000000000000c990                do_open
                0x000000000000ceb6                do_close
                0x000000000000cf31                do_lseek
 .text          0x000000000000d51a      0x3b2 fs/misc.o
                0x000000000000d51a                do_stat
                0x000000000000d6eb                search_file
                0x000000000000d841                strip_path
 .text          0x000000000000d8cc      0x49a fs/read_write.o
                0x000000000000d8cc                do_rdwt
 .text          0x000000000000dd66      0x808 fs/link.o
                0x000000000000dd66                do_unlink
 .text          0x000000000000e56e     0x1fbb fs/disklog.o
                0x000000000000e56e                disklog
                0x000000000000eadb                dump_fd_graph
 .text          0x0000000000010529       0xad lib/orangescrt.a(printf.o)
                0x0000000000010529                printf
                0x0000000000010594                printl
 .text          0x00000000000105d6      0x305 lib/orangescrt.a(vsprintf.o)
                0x0000000000010634                vsprintf
                0x00000000000108b5                sprintf
 *fill*         0x00000000000108db        0x5 
 .text          0x00000000000108e0       0x78 lib/orangescrt.a(string.o)
                0x00000000000108e0                memcpy
                0x0000000000010909                memset
                0x000000000001092a                strcpy
                0x0000000000010942                strlen
 .text          0x0000000000010958      0x256 lib/orangescrt.a(misc.o)
                0x0000000000010958                send_recv
                0x0000000000010a12                memcmp
                0x0000000000010a88                strcmp
                0x0000000000010afb                strcat
                0x0000000000010b5a                spin
                0x0000000000010b75                assertion_failure
 .text          0x0000000000010bae       0x63 lib/orangescrt.a(open.o)
                0x0000000000010bae                open
 .text          0x0000000000010c11       0x37 lib/orangescrt.a(read.o)
                0x0000000000010c11                read
 .text          0x0000000000010c48       0x37 lib/orangescrt.a(write.o)
                0x0000000000010c48                write
 .text          0x0000000000010c7f       0x2b lib/orangescrt.a(close.o)
                0x0000000000010c7f                close
 .text          0x0000000000010caa       0x3c lib/orangescrt.a(unlink.o)
                0x0000000000010caa                unlink
 .text          0x0000000000010ce6       0x37 lib/orangescrt.a(lseek.o)
                0x0000000000010ce6                lseek
 .text          0x0000000000010d1d       0x46 lib/orangescrt.a(getpid.o)
                0x0000000000010d1d                getpid
 .text          0x0000000000010d63       0x63 lib/orangescrt.a(stat.o)
                0x0000000000010d63                stat
 .text          0x0000000000010dc6       0x66 lib/orangescrt.a(fork.o)
                0x0000000000010dc6                fork
 .text          0x0000000000010e2c       0x3c lib/orangescrt.a(wait.o)
                0x0000000000010e2c                wait
 .text          0x0000000000010e68      0x237 lib/orangescrt.a(exec.o)
                0x0000000000010e68                exec
                0x0000000000010ed3                execl
                0x0000000000010ef8                execv
 *fill*         0x000000000001109f        0x1 
 .text          0x00000000000110a0       0x28 lib/orangescrt.a(syscall.o)
                0x00000000000110a0                sendrec
                0x00000000000110ba                printx
 *(.gnu.warning)

.fini
 *(SORT(.fini))
                [!provide]                        PROVIDE (__etext, .)
                [!provide]                        PROVIDE (_etext, .)
                [!provide]                        PROVIDE (etext, .)

.rodata         0x00000000000110e0     0x4133
 *(.rodata .rodata.* .gnu.linkonce.r.*)
 .rodata        0x00000000000110e0       0x47 kernel/start.o
 *fill*         0x0000000000011127        0x1 
 .rodata        0x0000000000011128     0x1d38 kernel/main.o
                0x00000000000112dc                mapH
                0x00000000000112e0                mapW
 .rodata        0x0000000000012e60       0x64 kernel/keyboard.o
 .rodata        0x0000000000012ec4      0x13c kernel/tty.o
 .rodata        0x0000000000013000       0x5b kernel/console.o
 .rodata        0x000000000001305b       0x11 kernel/i8259.o
 .rodata        0x000000000001306c       0x10 kernel/global.o
                0x000000000001306c                FSBUF_SIZE
                0x0000000000013070                MMBUF_SIZE
                0x0000000000013074                LOGBUF_SIZE
                0x0000000000013078                LOGDISKBUF_SIZE
 *fill*         0x000000000001307c        0x4 
 .rodata        0x0000000000013080      0x580 kernel/protect.o
 .rodata        0x0000000000013600      0x5da kernel/proc.o
 .rodata        0x0000000000013bda       0x11 kernel/systask.o
 *fill*         0x0000000000013beb        0x1 
 .rodata        0x0000000000013bec      0x15c kernel/hd.o
 .rodata        0x0000000000013d48       0x6a kernel/klib.o
 .rodata        0x0000000000013db2       0x1e lib/syslog.o
 .rodata        0x0000000000013dd0       0xb1 mm/main.o
 *fill*         0x0000000000013e81        0x3 
 .rodata        0x0000000000013e84       0xe7 mm/forkexit.o
 *fill*         0x0000000000013f6b        0x1 
 .rodata        0x0000000000013f6c       0xa4 mm/exec.o
 .rodata        0x0000000000014010      0x2d6 fs/main.o
 *fill*         0x00000000000142e6        0x2 
 .rodata        0x00000000000142e8      0x1c8 fs/open.o
 .rodata        0x00000000000144b0       0x60 fs/misc.o
 .rodata        0x0000000000014510      0x164 fs/read_write.o
 .rodata        0x0000000000014674      0x1ad fs/link.o
 *fill*         0x0000000000014821        0x3 
 .rodata        0x0000000000014824      0x806 fs/disklog.o
 .rodata        0x000000000001502a       0x14 lib/orangescrt.a(printf.o)
 *fill*         0x000000000001503e        0x2 
 .rodata        0x0000000000015040       0xad lib/orangescrt.a(misc.o)
 .rodata        0x00000000000150ed       0x23 lib/orangescrt.a(open.o)
 .rodata        0x0000000000015110       0x25 lib/orangescrt.a(getpid.o)
 .rodata        0x0000000000015135       0x23 lib/orangescrt.a(stat.o)
 .rodata        0x0000000000015158       0x33 lib/orangescrt.a(fork.o)
 *fill*         0x000000000001518b        0x1 
 .rodata        0x000000000001518c       0x87 lib/orangescrt.a(exec.o)

.rodata1
 *(.rodata1)

.eh_frame_hdr
 *(.eh_frame_hdr)
 *(.eh_frame_entry .eh_frame_entry.*)

.eh_frame       0x0000000000015214     0x1938
 *(.eh_frame)
 .eh_frame      0x0000000000015214       0x38 kernel/start.o
 .eh_frame      0x000000000001524c      0x7b0 kernel/main.o
                                        0x7c8 (size before relaxing)
 .eh_frame      0x00000000000159fc       0x60 kernel/clock.o
                                         0x78 (size before relaxing)
 .eh_frame      0x0000000000015a5c       0xe0 kernel/keyboard.o
                                         0xf8 (size before relaxing)
 .eh_frame      0x0000000000015b3c      0x13c kernel/tty.o
                                        0x154 (size before relaxing)
 .eh_frame      0x0000000000015c78      0x144 kernel/console.o
                                        0x15c (size before relaxing)
 .eh_frame      0x0000000000015dbc       0x60 kernel/i8259.o
                                         0x78 (size before relaxing)
 .eh_frame      0x0000000000015e1c       0xb0 kernel/protect.o
                                         0xc8 (size before relaxing)
 .eh_frame      0x0000000000015ecc      0x1b8 kernel/proc.o
                                        0x1d0 (size before relaxing)
 .eh_frame      0x0000000000016084       0x5c kernel/systask.o
                                         0x74 (size before relaxing)
 .eh_frame      0x00000000000160e0      0x1c8 kernel/hd.o
                                        0x1e0 (size before relaxing)
 .eh_frame      0x00000000000162a8       0xa0 kernel/klib.o
                                         0xb8 (size before relaxing)
 .eh_frame      0x0000000000016348       0x20 lib/syslog.o
                                         0x38 (size before relaxing)
 .eh_frame      0x0000000000016368       0x7c mm/main.o
                                         0x94 (size before relaxing)
 .eh_frame      0x00000000000163e4       0x90 mm/forkexit.o
                                         0xa8 (size before relaxing)
 .eh_frame      0x0000000000016474       0x2c mm/exec.o
                                         0x44 (size before relaxing)
 .eh_frame      0x00000000000164a0      0x170 fs/main.o
                                        0x188 (size before relaxing)
 .eh_frame      0x0000000000016610      0x120 fs/open.o
                                        0x138 (size before relaxing)
 .eh_frame      0x0000000000016730       0x68 fs/misc.o
                                         0x80 (size before relaxing)
 .eh_frame      0x0000000000016798       0x2c fs/read_write.o
                                         0x44 (size before relaxing)
 .eh_frame      0x00000000000167c4       0x2c fs/link.o
                                         0x44 (size before relaxing)
 .eh_frame      0x00000000000167f0       0x60 fs/disklog.o
                                         0x78 (size before relaxing)
 .eh_frame      0x0000000000016850       0x40 lib/orangescrt.a(printf.o)
                                         0x58 (size before relaxing)
 .eh_frame      0x0000000000016890       0x60 lib/orangescrt.a(vsprintf.o)
                                         0x78 (size before relaxing)
 .eh_frame      0x00000000000168f0       0xbc lib/orangescrt.a(misc.o)
                                         0xd4 (size before relaxing)
 .eh_frame      0x00000000000169ac       0x20 lib/orangescrt.a(open.o)
                                         0x38 (size before relaxing)
 .eh_frame      0x00000000000169cc       0x20 lib/orangescrt.a(read.o)
                                         0x38 (size before relaxing)
 .eh_frame      0x00000000000169ec       0x20 lib/orangescrt.a(write.o)
                                         0x38 (size before relaxing)
 .eh_frame      0x0000000000016a0c       0x20 lib/orangescrt.a(close.o)
                                         0x38 (size before relaxing)
 .eh_frame      0x0000000000016a2c       0x20 lib/orangescrt.a(unlink.o)
                                         0x38 (size before relaxing)
 .eh_frame      0x0000000000016a4c       0x20 lib/orangescrt.a(lseek.o)
                                         0x38 (size before relaxing)
 .eh_frame      0x0000000000016a6c       0x20 lib/orangescrt.a(getpid.o)
                                         0x38 (size before relaxing)
 .eh_frame      0x0000000000016a8c       0x20 lib/orangescrt.a(stat.o)
                                         0x38 (size before relaxing)
 .eh_frame      0x0000000000016aac       0x20 lib/orangescrt.a(fork.o)
                                         0x38 (size before relaxing)
 .eh_frame      0x0000000000016acc       0x20 lib/orangescrt.a(wait.o)
                                         0x38 (size before relaxing)
 .eh_frame      0x0000000000016aec       0x60 lib/orangescrt.a(exec.o)
                                         0x78 (size before relaxing)
 *(.eh_frame.*)

.gcc_except_table
 *(.gcc_except_table .gcc_except_table.*)

.gnu_extab
 *(.gnu_extab*)

.exception_ranges
 *(.exception_ranges .exception_ranges*)
                0x0000000000017000                . = DATA_SEGMENT_ALIGN (0x1000, 0x1000)

.eh_frame
 *(.eh_frame)
 *(.eh_frame.*)

.gnu_extab
 *(.gnu_extab)

.gcc_except_table
 *(.gcc_except_table .gcc_except_table.*)

.exception_ranges
 *(.exception_ranges .exception_ranges*)

.tdata
 *(.tdata .tdata.* .gnu.linkonce.td.*)

.tbss
 *(.tbss .tbss.* .gnu.linkonce.tb.*)
 *(.tcommon)

.preinit_array  0x0000000000017000        0x0
                [!provide]                        PROVIDE (__preinit_array_start, .)
 *(.preinit_array)
                [!provide]                        PROVIDE (__preinit_array_end, .)

.init_array     0x0000000000017000        0x0
                [!provide]                        PROVIDE (__init_array_start, .)
 *(SORT(.init_array.*) SORT(.ctors.*))
 *(.init_array EXCLUDE_FILE(*crtend?.o *crtend.o *crtbegin?.o *crtbegin.o) .ctors)
                [!provide]                        PROVIDE (__init_array_end, .)

.fini_array     0x0000000000017000        0x0
                [!provide]                        PROVIDE (__fini_array_start, .)
 *(SORT(.fini_array.*) SORT(.dtors.*))
 *(.fini_array EXCLUDE_FILE(*crtend?.o *crtend.o *crtbegin?.o *crtbegin.o) .dtors)
                [!provide]                        PROVIDE (__fini_array_end, .)

.ctors
 *crtbegin.o(.ctors)
 *crtbegin?.o(.ctors)
 *(EXCLUDE_FILE(*crtend?.o *crtend.o) .ctors)
 *(SORT(.ctors.*))
 *(.ctors)

.dtors
 *crtbegin.o(.dtors)
 *crtbegin?.o(.dtors)
 *(EXCLUDE_FILE(*crtend?.o *crtend.o) .dtors)
 *(SORT(.dtors.*))
 *(.dtors)

.jcr
 *(.jcr)

.data.rel.ro
 *(.data.rel.ro.local* .gnu.linkonce.d.rel.ro.local.*)
 *(.data.rel.ro .data.rel.ro.* .gnu.linkonce.d.rel.ro.*)

.dynamic
 *(.dynamic)

.got
 *(.got)
 *(.igot)
                0x0000000000017000                . = DATA_SEGMENT_RELRO_END (., (SIZEOF (.got.plt) >= 0xc)?0xc:0x0)

.got.plt        0x0000000000017000        0x0
 *(.got.plt)
 *(.igot.plt)
 .igot.plt      0x0000000000017000        0x0 kernel/kernel.o

.data           0x0000000000017000      0xbb4
 *(.data .data.* .gnu.linkonce.d.*)
 .data          0x0000000000017000        0x2 kernel/kernel.o
 .data          0x0000000000017002        0x0 kernel/start.o
 *fill*         0x0000000000017002       0x1e 
 .data          0x0000000000017020      0x3a0 kernel/main.o
                0x0000000000017020                snake_Array
                0x0000000000017220                snake_head
                0x0000000000017228                snake_area_width
                0x000000000001722c                snake_area_height
                0x0000000000017230                move_direction
                0x0000000000017234                chessMan
                0x0000000000017235                sHead
                0x0000000000017236                sBody
                0x0000000000017237                sFood
                0x0000000000017238                sNode
                0x0000000000017240                food
                0x0000000000017280                eat
                0x0000000000017284                win
                0x0000000000017288                sLength
                0x000000000001728c                dx
                0x000000000001729c                dy
                0x00000000000172ac                zzz
                0x00000000000172c0                box_map
 .data          0x00000000000173c0        0x0 kernel/clock.o
 .data          0x00000000000173c0      0x600 kernel/keyboard.o
                0x00000000000173c0                keymap
 .data          0x00000000000179c0       0x22 kernel/tty.o
 .data          0x00000000000179e2        0x0 kernel/console.o
 .data          0x00000000000179e2        0x0 kernel/i8259.o
 *fill*         0x00000000000179e2       0x1e 
 .data          0x0000000000017a00      0x1b4 kernel/global.o
                0x0000000000017a00                task_table
                0x0000000000017ae0                user_proc_table
                0x0000000000017b80                sys_call_table
                0x0000000000017b8c                dd_map
                0x0000000000017ba4                fsbuf
                0x0000000000017ba8                mmbuf
                0x0000000000017bac                logbuf
                0x0000000000017bb0                logdiskbuf
 .data          0x0000000000017bb4        0x0 kernel/protect.o
 .data          0x0000000000017bb4        0x0 kernel/proc.o
 .data          0x0000000000017bb4        0x0 kernel/systask.o
 .data          0x0000000000017bb4        0x0 kernel/hd.o
 .data          0x0000000000017bb4        0x0 kernel/klib.o
 .data          0x0000000000017bb4        0x0 lib/syslog.o
 .data          0x0000000000017bb4        0x0 mm/main.o
 .data          0x0000000000017bb4        0x0 mm/forkexit.o
 .data          0x0000000000017bb4        0x0 mm/exec.o
 .data          0x0000000000017bb4        0x0 fs/main.o
 .data          0x0000000000017bb4        0x0 fs/open.o
 .data          0x0000000000017bb4        0x0 fs/misc.o
 .data          0x0000000000017bb4        0x0 fs/read_write.o
 .data          0x0000000000017bb4        0x0 fs/link.o
 .data          0x0000000000017bb4        0x0 fs/disklog.o
 .data          0x0000000000017bb4        0x0 lib/orangescrt.a(printf.o)
 .data          0x0000000000017bb4        0x0 lib/orangescrt.a(vsprintf.o)
 .data          0x0000000000017bb4        0x0 lib/orangescrt.a(misc.o)
 .data          0x0000000000017bb4        0x0 lib/orangescrt.a(open.o)
 .data          0x0000000000017bb4        0x0 lib/orangescrt.a(read.o)
 .data          0x0000000000017bb4        0x0 lib/orangescrt.a(write.o)
 .data          0x0000000000017bb4        0x0 lib/orangescrt.a(close.o)
 .data          0x0000000000017bb4        0x0 lib/orangescrt.a(unlink.o)
 .data          0x0000000000017bb4        0x0 lib/orangescrt.a(lseek.o)
 .data          0x0000000000017bb4        0x0 lib/orangescrt.a(getpid.o)
 .data          0x0000000000017bb4        0x0 lib/orangescrt.a(stat.o)
 .data          0x0000000000017bb4        0x0 lib/orangescrt.a(fork.o)
 .data          0x0000000000017bb4        0x0 lib/orangescrt.a(wait.o)
 .data          0x0000000000017bb4        0x0 lib/orangescrt.a(exec.o)

.data1
 *(.data1)
                0x0000000000017bb4                _edata = .
                [!provide]                        PROVIDE (edata, .)
                0x0000000000017bb4                . = .
                0x0000000000017bb4                __bss_start = .

.bss            0x0000000000017bc0    0x2d15c
 *(.dynbss)
 *(.bss .bss.* .gnu.linkonce.b.*)
 .bss           0x0000000000017bc0     0x1000 kernel/kernel.o
 .bss           0x0000000000018bc0        0x0 kernel/start.o
 .bss           0x0000000000018bc0       0x28 kernel/main.o
                0x0000000000018bc0                snakeControl
                0x0000000000018bc4                chessControl
                0x0000000000018bc8                snake_state
                0x0000000000018bcc                listenerStart
                0x0000000000018bd0                foodNum
                0x0000000000018bd4                overOrNot
                0x0000000000018bd8                SokobanGame
 .bss           0x0000000000018be8        0x0 kernel/clock.o
 *fill*         0x0000000000018be8       0x18 
 .bss           0x0000000000018c00       0x58 kernel/keyboard.o
 .bss           0x0000000000018c58        0x0 kernel/tty.o
 .bss           0x0000000000018c58        0x0 kernel/console.o
 .bss           0x0000000000018c58        0x0 kernel/i8259.o
 .bss           0x0000000000018c58        0x0 kernel/global.o
 .bss           0x0000000000018c58        0x0 kernel/protect.o
 .bss           0x0000000000018c58        0x0 kernel/proc.o
 .bss           0x0000000000018c58        0x0 kernel/systask.o
 *fill*         0x0000000000018c58        0x8 
 .bss           0x0000000000018c60      0x64c kernel/hd.o
 .bss           0x00000000000192ac        0x0 kernel/klib.o
 .bss           0x00000000000192ac        0x0 lib/syslog.o
 .bss           0x00000000000192ac        0x0 mm/main.o
 .bss           0x00000000000192ac        0x0 mm/forkexit.o
 .bss           0x00000000000192ac        0x0 mm/exec.o
 .bss           0x00000000000192ac        0x0 fs/main.o
 .bss           0x00000000000192ac        0x0 fs/open.o
 .bss           0x00000000000192ac        0x0 fs/misc.o
 .bss           0x00000000000192ac        0x0 fs/read_write.o
 .bss           0x00000000000192ac        0x0 fs/link.o
 *fill*         0x00000000000192ac       0x14 
 .bss           0x00000000000192c0      0x208 fs/disklog.o
 .bss           0x00000000000194c8        0x0 lib/orangescrt.a(printf.o)
 .bss           0x00000000000194c8        0x0 lib/orangescrt.a(vsprintf.o)
 .bss           0x00000000000194c8        0x0 lib/orangescrt.a(misc.o)
 .bss           0x00000000000194c8        0x0 lib/orangescrt.a(open.o)
 .bss           0x00000000000194c8        0x0 lib/orangescrt.a(read.o)
 .bss           0x00000000000194c8        0x0 lib/orangescrt.a(write.o)
 .bss           0x00000000000194c8        0x0 lib/orangescrt.a(close.o)
 .bss           0x00000000000194c8        0x0 lib/orangescrt.a(unlink.o)
 .bss           0x00000000000194c8        0x0 lib/orangescrt.a(lseek.o)
 .bss           0x00000000000194c8        0x0 lib/orangescrt.a(getpid.o)
 .bss           0x00000000000194c8        0x0 lib/orangescrt.a(stat.o)
 .bss           0x00000000000194c8        0x0 lib/orangescrt.a(fork.o)
 .bss           0x00000000000194c8        0x0 lib/orangescrt.a(wait.o)
 .bss           0x00000000000194c8        0x0 lib/orangescrt.a(exec.o)
 *(COMMON)
 *fill*         0x00000000000194c8       0x18 
 COMMON         0x00000000000194e0      0x700 kernel/main.o
                0x00000000000194e0                Map
                0x0000000000019560                ifappear
                0x0000000000019564                gameb
                0x0000000000019568                gamef
                0x000000000001956c                gamew
                0x0000000000019570                move_2048
                0x0000000000019574                score
                0x0000000000019578                gameover
                0x0000000000019580                num
                0x00000000000195c0                key
                0x00000000000195e0                Snake
 COMMON         0x0000000000019be0    0x2b12c kernel/global.o
                0x0000000000019be0                idt_ptr
                0x0000000000019c00                inode_table
                0x000000000001b100                task_stack
                0x000000000003f100                k_reenter
                0x000000000003f120                gdt
                0x000000000003f520                current_console
                0x000000000003f524                pcaller
                0x000000000003f540                tty_table
                0x00000000000401c0                tss
                0x0000000000040240                fs_msg
                0x0000000000040270                memory_size
                0x0000000000040280                f_desc_table
                0x0000000000040680                root_inode
                0x0000000000040684                disp_pos
                0x00000000000406a0                mm_msg
                0x00000000000406d0                schedule_flag
                0x00000000000406d4                key_pressed
                0x00000000000406d8                gdt_ptr
                0x00000000000406e0                idt
                0x0000000000040ee0                super_block
                0x00000000000410c0                ticks
                0x00000000000410e0                console_table
                0x0000000000041120                irq_table
                0x0000000000041160                p_proc_ready
                0x0000000000041180                proc_table
 COMMON         0x0000000000044d0c       0x10 kernel/hd.o
                0x0000000000044d0c                PARTITION_ENTRY
                0x0000000000044d1c                . = ALIGN ((. != 0x0)?0x4:0x1)
                0x0000000000044d1c                . = ALIGN (0x4)
                0x0000000000044d1c                . = SEGMENT_START ("ldata-segment", .)
                0x0000000000044d1c                . = ALIGN (0x4)
                0x0000000000044d1c                _end = .
                [!provide]                        PROVIDE (end, .)
                0x0000000000044d1c                . = DATA_SEGMENT_END (.)

.stab
 *(.stab)

.stabstr
 *(.stabstr)

.stab.excl
 *(.stab.excl)

.stab.exclstr
 *(.stab.exclstr)

.stab.index
 *(.stab.index)

.stab.indexstr
 *(.stab.indexstr)

.comment        0x0000000000000000       0x35
 *(.comment)
 .comment       0x0000000000000000       0x35 kernel/start.o
                                         0x36 (size before relaxing)
 .comment       0x0000000000000035       0x36 kernel/main.o
 .comment       0x0000000000000035       0x36 kernel/clock.o
 .comment       0x0000000000000035       0x36 kernel/keyboard.o
 .comment       0x0000000000000035       0x36 kernel/tty.o
 .comment       0x0000000000000035       0x36 kernel/console.o
 .comment       0x0000000000000035       0x36 kernel/i8259.o
 .comment       0x0000000000000035       0x36 kernel/global.o
 .comment       0x0000000000000035       0x36 kernel/protect.o
 .comment       0x0000000000000035       0x36 kernel/proc.o
 .comment       0x0000000000000035       0x36 kernel/systask.o
 .comment       0x0000000000000035       0x36 kernel/hd.o
 .comment       0x0000000000000035       0x36 kernel/klib.o
 .comment       0x0000000000000035       0x36 lib/syslog.o
 .comment       0x0000000000000035       0x36 mm/main.o
 .comment       0x0000000000000035       0x36 mm/forkexit.o
 .comment       0x0000000000000035       0x36 mm/exec.o
 .comment       0x0000000000000035       0x36 fs/main.o
 .comment       0x0000000000000035       0x36 fs/open.o
 .comment       0x0000000000000035       0x36 fs/misc.o
 .comment       0x0000000000000035       0x36 fs/read_write.o
 .comment       0x0000000000000035       0x36 fs/link.o
 .comment       0x0000000000000035       0x36 fs/disklog.o
 .comment       0x0000000000000035       0x36 lib/orangescrt.a(printf.o)
 .comment       0x0000000000000035       0x36 lib/orangescrt.a(vsprintf.o)
 .comment       0x0000000000000035       0x36 lib/orangescrt.a(misc.o)
 .comment       0x0000000000000035       0x36 lib/orangescrt.a(open.o)
 .comment       0x0000000000000035       0x36 lib/orangescrt.a(read.o)
 .comment       0x0000000000000035       0x36 lib/orangescrt.a(write.o)
 .comment       0x0000000000000035       0x36 lib/orangescrt.a(close.o)
 .comment       0x0000000000000035       0x36 lib/orangescrt.a(unlink.o)
 .comment       0x0000000000000035       0x36 lib/orangescrt.a(lseek.o)
 .comment       0x0000000000000035       0x36 lib/orangescrt.a(getpid.o)
 .comment       0x0000000000000035       0x36 lib/orangescrt.a(stat.o)
 .comment       0x0000000000000035       0x36 lib/orangescrt.a(fork.o)
 .comment       0x0000000000000035       0x36 lib/orangescrt.a(wait.o)
 .comment       0x0000000000000035       0x36 lib/orangescrt.a(exec.o)

.debug
 *(.debug)

.line
 *(.line)

.debug_srcinfo
 *(.debug_srcinfo)

.debug_sfnames
 *(.debug_sfnames)

.debug_aranges
 *(.debug_aranges)

.debug_pubnames
 *(.debug_pubnames)

.debug_info
 *(.debug_info .gnu.linkonce.wi.*)

.debug_abbrev
 *(.debug_abbrev)

.debug_line
 *(.debug_line .debug_line.* .debug_line_end)

.debug_frame
 *(.debug_frame)

.debug_str
 *(.debug_str)

.debug_loc
 *(.debug_loc)

.debug_macinfo
 *(.debug_macinfo)

.debug_weaknames
 *(.debug_weaknames)

.debug_funcnames
 *(.debug_funcnames)

.debug_typenames
 *(.debug_typenames)

.debug_varnames
 *(.debug_varnames)

.debug_pubtypes
 *(.debug_pubtypes)

.debug_ranges
 *(.debug_ranges)

.debug_macro
 *(.debug_macro)

.gnu.attributes
 *(.gnu.attributes)

/DISCARD/
 *(.note.GNU-stack)
 *(.gnu_debuglink)
 *(.gnu.lto_*)
OUTPUT(kernel.bin elf32-i386)
